// Jest Snapshot v1, https://goo.gl/fbAQLP

exports[`Context repo returns error for context.repo() 1`] = `"context.repo() is not supported for this webhook event."`;
